// Jest Snapshot v1, https://goo.gl/fbAQLP

exports[`testing Articles Page creating snapshot Articles Pages 1`] = `Object {}`;
